// Jest Snapshot v1, https://goo.gl/fbAQLP

exports[`Home Page component should Home Page component snapshot 1`] = `
<DocumentFragment>
  <h2
    class="heading"
  >
    Products
  </h2>
  <div
    class="containerBtn"
  >
    <button
      class="btn"
      style="background-color: rgb(108, 127, 0);"
      type="button"
    >
      lists
    </button>
  </div>
  <div
    class="container"
  />
</DocumentFragment>
`;
